src/services/aiService.ts(16,18): error TS1343: The 'import.meta' meta-property is only allowed when the '--module' option is 'es2020', 'es2022', 'esnext', 'system', 'node16', 'node18', 'node20', or 'nodenext'.
src/services/aiService.ts(16,30): error TS2339: Property 'env' does not exist on type 'ImportMeta'.
src/services/aiService.ts(58,18): error TS1343: The 'import.meta' meta-property is only allowed when the '--module' option is 'es2020', 'es2022', 'esnext', 'system', 'node16', 'node18', 'node20', or 'nodenext'.
src/services/aiService.ts(58,30): error TS2339: Property 'env' does not exist on type 'ImportMeta'.
src/services/aiService.ts(129,18): error TS1343: The 'import.meta' meta-property is only allowed when the '--module' option is 'es2020', 'es2022', 'esnext', 'system', 'node16', 'node18', 'node20', or 'nodenext'.
src/services/aiService.ts(129,30): error TS2339: Property 'env' does not exist on type 'ImportMeta'.
src/services/aiService.ts(220,18): error TS1343: The 'import.meta' meta-property is only allowed when the '--module' option is 'es2020', 'es2022', 'esnext', 'system', 'node16', 'node18', 'node20', or 'nodenext'.
src/services/aiService.ts(220,30): error TS2339: Property 'env' does not exist on type 'ImportMeta'.
src/services/aiService.ts(317,18): error TS1343: The 'import.meta' meta-property is only allowed when the '--module' option is 'es2020', 'es2022', 'esnext', 'system', 'node16', 'node18', 'node20', or 'nodenext'.
src/services/aiService.ts(317,30): error TS2339: Property 'env' does not exist on type 'ImportMeta'.
src/services/aiService.ts(410,21): error TS1343: The 'import.meta' meta-property is only allowed when the '--module' option is 'es2020', 'es2022', 'esnext', 'system', 'node16', 'node18', 'node20', or 'nodenext'.
src/services/aiService.ts(410,33): error TS2339: Property 'env' does not exist on type 'ImportMeta'.
src/services/aiService.ts(455,21): error TS1343: The 'import.meta' meta-property is only allowed when the '--module' option is 'es2020', 'es2022', 'esnext', 'system', 'node16', 'node18', 'node20', or 'nodenext'.
src/services/aiService.ts(455,33): error TS2339: Property 'env' does not exist on type 'ImportMeta'.
src/services/aiService.ts(456,20): error TS1343: The 'import.meta' meta-property is only allowed when the '--module' option is 'es2020', 'es2022', 'esnext', 'system', 'node16', 'node18', 'node20', or 'nodenext'.
src/services/aiService.ts(456,32): error TS2339: Property 'env' does not exist on type 'ImportMeta'.
src/services/aiService.ts(539,18): error TS1343: The 'import.meta' meta-property is only allowed when the '--module' option is 'es2020', 'es2022', 'esnext', 'system', 'node16', 'node18', 'node20', or 'nodenext'.
src/services/aiService.ts(539,30): error TS2339: Property 'env' does not exist on type 'ImportMeta'.
src/services/aiService.ts(732,40): error TS1343: The 'import.meta' meta-property is only allowed when the '--module' option is 'es2020', 'es2022', 'esnext', 'system', 'node16', 'node18', 'node20', or 'nodenext'.
src/services/aiService.ts(732,52): error TS2339: Property 'env' does not exist on type 'ImportMeta'.
